../Core/Src/main.c:87:5:main	8	static
../Core/Src/main.c:142:6:SystemClock_Config	96	static
../Core/Src/main.c:191:13:MX_ADC1_Init	48	static
../Core/Src/main.c:285:13:MX_I2C1_Init	8	static
../Core/Src/main.c:333:13:MX_TIM1_Init	40	static
../Core/Src/main.c:380:13:MX_TIM2_Init	64	static
../Core/Src/main.c:439:13:MX_TIM3_Init	64	static
../Core/Src/main.c:506:13:MX_TIM4_Init	40	static
../Core/Src/main.c:551:13:MX_USART2_UART_Init	8	static
../Core/Src/main.c:584:13:MX_DMA_Init	16	static
../Core/Src/main.c:606:13:MX_GPIO_Init	48	static
../Core/Src/main.c:670:6:Error_Handler	4	static,ignoring_inline_asm
